{
  "descricao": "Receita contemporânea. Sabor agridoce. Filé de peixe grelhado com pedacinhos de castanha de caju e molho de manga com gengibre e maracujá. Acompanha arroz com brócolis e purê de abóbora.",
  "id": 7,
  "nome": "Peixe Praiano",
  "preco": 32.12
}