{
  "id": 6,
  "nome": "Restaurante SEIS",
  "proprietario": "Proprietario SEIS"
}